common:
  type: parent
  key: common
  child:
    setting1:
      type: unchanged
      key: setting1
      val: Value 1
    setting2:
      type: deleted
      key: setting2
      val: 200
    setting3:
      type: unchanged
      key: setting3
      val: true
    setting4:
      type: added
      key: setting4
      val: blah blah
    setting5:
      type: added
      key: setting5
      val:
        key5: value5
    setting6:
      type: deleted
      key: setting6
      val:
        key: value
group1:
  type: parent
  key: group1
  child:
    baz:
      type: changed
      key: baz
      val: bars
      old_val: bas
    foo:
      type: unchanged
      key: foo
      val: bar
group2:
  type: deleted
  key: group2
  val:
    abc: 12345
group3:
  type: added
  key: group3
  val:
    fee: 100500